error: Associated type bounds are not supported yet.

error: could not compile `mockers_derive-tests`.
