error: Lifetime parameters are not supported yet

 --> $DIR/lifetime_trait_parameter.rs:4:9
  |
4 | trait A<'a> {}
  |         ^^

error: could not compile `mockers_derive-tests`.
