error: Lifetime bounds aren't supported yet
 --> $DIR/lifetime_params.rs:4:10
  |
4 | trait A: 'static {
  |          ^^^^^^^

error: could not compile `mockers_derive-tests`.
