error: Unsafe trait methods are not supported.

 --> $DIR/unsafe_method.rs:5:5
  |
5 |     unsafe fn foo();
  |     ^^^^^^

error: could not compile `mockers_derive-tests`.
